[3/16/2026, 6:14:40 PM] [DRY] === Dirty French Booking Script START (dry=true) ===
[3/16/2026, 6:14:40 PM] [DRY] Target: Dirty French New York | 2026-05-18 | Party of 3
[3/16/2026, 6:14:40 PM] [DRY] Preferred times: 18:00, 18:30, 19:00
[3/16/2026, 6:14:40 PM] [DRY] Authenticating with Resy...
[3/16/2026, 6:14:42 PM] [DRY] Auth OK — user ID: 5462215, payment method: 24522001
[3/16/2026, 6:14:42 PM] [DRY] Polling for slots (attempt 1)...
[3/16/2026, 6:14:46 PM] [DRY] No slots yet. Retrying in 3s...
[3/16/2026, 6:14:49 PM] [DRY] Polling for slots (attempt 2)...
[3/16/2026, 6:14:49 PM] [DRY] No slots yet. Retrying in 3s...
[3/16/2026, 6:14:52 PM] [DRY] Polling for slots (attempt 3)...
[3/16/2026, 6:14:54 PM] [DRY] No slots yet. Retrying in 3s...
[3/16/2026, 6:14:57 PM] [DRY] Polling for slots (attempt 4)...
[3/16/2026, 6:14:59 PM] [DRY] No slots yet. Retrying in 3s...
[3/16/2026, 6:15:02 PM] [DRY] Polling for slots (attempt 5)...
[3/16/2026, 6:15:02 PM] [DRY] No slots yet. Retrying in 3s...
[3/16/2026, 6:15:05 PM] [DRY] Polling for slots (attempt 6)...
[3/16/2026, 6:15:07 PM] [DRY] No slots yet. Retrying in 3s...
[3/16/2026, 6:15:10 PM] [DRY] Polling for slots (attempt 7)...
[3/16/2026, 6:15:10 PM] [DRY] No slots yet. Retrying in 3s...
[3/16/2026, 6:15:13 PM] [DRY] Polling for slots (attempt 8)...
[3/16/2026, 6:15:14 PM] [DRY] No slots yet. Retrying in 3s...
[3/16/2026, 6:15:17 PM] [DRY] Polling for slots (attempt 9)...
[3/16/2026, 6:15:17 PM] [DRY] No slots yet. Retrying in 3s...
[3/16/2026, 6:15:20 PM] [DRY] Polling for slots (attempt 10)...
[3/16/2026, 6:15:22 PM] [DRY] No slots yet. Retrying in 3s...
[3/16/2026, 6:15:25 PM] [DRY] Polling for slots (attempt 11)...
[3/16/2026, 6:15:26 PM] [DRY] No slots yet. Retrying in 3s...
[3/16/2026, 6:15:29 PM] [DRY] Polling for slots (attempt 12)...
[3/16/2026, 6:15:30 PM] [DRY] No slots yet. Retrying in 3s...
[3/16/2026, 6:16:00 PM] === Dirty French Booking Script START (dry=false) ===
[3/16/2026, 6:16:00 PM] Target: Dirty French New York | 2026-05-18 | Party of 3
[3/16/2026, 6:16:00 PM] Preferred times: 18:00, 18:30, 19:00
[3/16/2026, 6:16:00 PM] Authenticating with Resy...
[3/16/2026, 6:16:01 PM] Auth OK — user ID: 5462215, payment method: 24522001
[3/16/2026, 6:16:01 PM] Polling for slots (attempt 1)...
[3/16/2026, 6:16:01 PM] No slots yet. Retrying in 3s...
[3/16/2026, 6:16:04 PM] Polling for slots (attempt 2)...
[3/16/2026, 6:16:05 PM] No slots yet. Retrying in 3s...
[3/16/2026, 6:16:08 PM] Polling for slots (attempt 3)...
[3/16/2026, 6:16:08 PM] No slots yet. Retrying in 3s...
[3/16/2026, 6:16:11 PM] Polling for slots (attempt 4)...
[3/16/2026, 6:16:12 PM] No slots yet. Retrying in 3s...
[3/16/2026, 6:16:15 PM] Polling for slots (attempt 5)...
[3/16/2026, 6:16:17 PM] No slots yet. Retrying in 3s...
[3/16/2026, 6:16:20 PM] Polling for slots (attempt 6)...
[3/16/2026, 6:16:21 PM] No slots yet. Retrying in 3s...
[3/16/2026, 6:16:24 PM] Polling for slots (attempt 7)...
[3/16/2026, 6:16:24 PM] No slots yet. Retrying in 3s...
[3/16/2026, 6:16:27 PM] Polling for slots (attempt 8)...
[3/16/2026, 6:16:28 PM] No slots yet. Retrying in 3s...
[3/16/2026, 6:16:31 PM] Polling for slots (attempt 9)...
[3/16/2026, 6:16:32 PM] No slots yet. Retrying in 3s...
[3/16/2026, 6:16:35 PM] Polling for slots (attempt 10)...
[3/16/2026, 6:16:36 PM] No slots yet. Retrying in 3s...
[3/16/2026, 6:16:39 PM] Polling for slots (attempt 11)...
[3/16/2026, 6:16:39 PM] No slots yet. Retrying in 3s...
[3/16/2026, 6:16:42 PM] Polling for slots (attempt 12)...
[3/16/2026, 6:16:43 PM] No slots yet. Retrying in 3s...
[3/16/2026, 6:16:46 PM] Polling for slots (attempt 13)...
[3/16/2026, 6:16:47 PM] No slots yet. Retrying in 3s...
[3/16/2026, 6:16:50 PM] Polling for slots (attempt 14)...
[3/16/2026, 6:16:52 PM] No slots yet. Retrying in 3s...
[3/16/2026, 6:16:55 PM] Polling for slots (attempt 15)...
[3/16/2026, 6:16:56 PM] No slots yet. Retrying in 3s...
[3/16/2026, 6:16:59 PM] Polling for slots (attempt 16)...
[3/16/2026, 6:16:59 PM] No slots yet. Retrying in 3s...
[3/16/2026, 6:17:02 PM] Polling for slots (attempt 17)...
[3/16/2026, 6:17:03 PM] No slots yet. Retrying in 3s...
[3/16/2026, 6:17:06 PM] Polling for slots (attempt 18)...
[3/16/2026, 6:17:07 PM] No slots yet. Retrying in 3s...
[3/16/2026, 6:17:10 PM] Polling for slots (attempt 19)...
[3/16/2026, 6:17:11 PM] No slots yet. Retrying in 3s...
[3/16/2026, 6:17:14 PM] Polling for slots (attempt 20)...
[3/16/2026, 6:17:15 PM] No slots yet. Retrying in 3s...
[3/16/2026, 6:17:18 PM] Polling for slots (attempt 21)...
[3/16/2026, 6:17:19 PM] No slots yet. Retrying in 3s...
[3/16/2026, 6:17:22 PM] Polling for slots (attempt 22)...
[3/16/2026, 6:17:23 PM] No slots yet. Retrying in 3s...
[3/16/2026, 6:17:26 PM] Polling for slots (attempt 23)...
[3/16/2026, 6:17:27 PM] No slots yet. Retrying in 3s...
[3/16/2026, 6:17:30 PM] Polling for slots (attempt 24)...
[3/16/2026, 6:17:31 PM] No slots yet. Retrying in 3s...
[3/16/2026, 6:17:34 PM] Polling for slots (attempt 25)...
[3/16/2026, 6:17:35 PM] No slots yet. Retrying in 3s...
[3/16/2026, 6:17:38 PM] Polling for slots (attempt 26)...
[3/16/2026, 6:17:39 PM] No slots yet. Retrying in 3s...
[3/16/2026, 6:17:42 PM] Polling for slots (attempt 27)...
[3/16/2026, 6:17:44 PM] No slots yet. Retrying in 3s...
[3/16/2026, 6:17:47 PM] Polling for slots (attempt 28)...
[3/16/2026, 6:17:48 PM] No slots yet. Retrying in 3s...
[3/16/2026, 6:17:51 PM] Polling for slots (attempt 29)...
[3/16/2026, 6:17:53 PM] No slots yet. Retrying in 3s...
[3/16/2026, 6:17:56 PM] Polling for slots (attempt 30)...
[3/16/2026, 6:17:56 PM] No slots yet. Retrying in 3s...
[3/16/2026, 6:17:59 PM] Polling for slots (attempt 31)...
[3/16/2026, 6:18:01 PM] No slots yet. Retrying in 3s...
[3/16/2026, 6:18:04 PM] Polling for slots (attempt 32)...
[3/16/2026, 6:18:05 PM] No slots yet. Retrying in 3s...
[3/16/2026, 6:18:08 PM] Polling for slots (attempt 33)...
[3/16/2026, 6:18:11 PM] No slots yet. Retrying in 3s...
[3/16/2026, 6:18:14 PM] Polling for slots (attempt 34)...
[3/16/2026, 6:18:16 PM] No slots yet. Retrying in 3s...
[3/16/2026, 6:18:19 PM] Polling for slots (attempt 35)...
[3/16/2026, 6:18:22 PM] No slots yet. Retrying in 3s...
[3/16/2026, 6:18:25 PM] Polling for slots (attempt 36)...
[3/16/2026, 6:18:28 PM] No slots yet. Retrying in 3s...
[3/16/2026, 6:18:31 PM] Polling for slots (attempt 37)...
[3/16/2026, 6:18:33 PM] No slots yet. Retrying in 3s...
[3/16/2026, 6:18:36 PM] Polling for slots (attempt 38)...
[3/16/2026, 6:18:37 PM] No slots yet. Retrying in 3s...
[3/16/2026, 6:18:40 PM] Polling for slots (attempt 39)...
[3/16/2026, 6:18:41 PM] No slots yet. Retrying in 3s...
[3/16/2026, 6:18:44 PM] Polling for slots (attempt 40)...
[3/16/2026, 6:18:46 PM] No slots yet. Retrying in 3s...
[3/16/2026, 6:18:49 PM] Polling for slots (attempt 41)...
[3/16/2026, 6:18:50 PM] No slots yet. Retrying in 3s...
[3/16/2026, 6:18:53 PM] Polling for slots (attempt 42)...
[3/16/2026, 6:18:55 PM] No slots yet. Retrying in 3s...
[3/16/2026, 6:18:58 PM] Polling for slots (attempt 43)...
[3/16/2026, 6:18:59 PM] No slots yet. Retrying in 3s...
[3/16/2026, 6:19:02 PM] Polling for slots (attempt 44)...
[3/16/2026, 6:19:04 PM] No slots yet. Retrying in 3s...
[3/16/2026, 6:19:07 PM] Polling for slots (attempt 45)...
[3/16/2026, 6:19:08 PM] No slots yet. Retrying in 3s...
[3/16/2026, 6:19:11 PM] Polling for slots (attempt 46)...
[3/16/2026, 6:19:13 PM] No slots yet. Retrying in 3s...
[3/16/2026, 6:19:16 PM] Polling for slots (attempt 47)...
[3/16/2026, 6:19:18 PM] No slots yet. Retrying in 3s...
[3/16/2026, 6:19:21 PM] Polling for slots (attempt 48)...
[3/16/2026, 6:19:24 PM] No slots yet. Retrying in 3s...
[3/16/2026, 6:19:27 PM] Polling for slots (attempt 49)...
[3/16/2026, 6:19:29 PM] No slots yet. Retrying in 3s...
[3/16/2026, 6:19:32 PM] Polling for slots (attempt 50)...
[3/16/2026, 6:19:34 PM] No slots yet. Retrying in 3s...
[3/16/2026, 6:19:37 PM] Polling for slots (attempt 51)...
[3/16/2026, 6:19:38 PM] No slots yet. Retrying in 3s...
[3/16/2026, 6:19:41 PM] Polling for slots (attempt 52)...
[3/16/2026, 6:19:44 PM] No slots yet. Retrying in 3s...
[3/16/2026, 6:19:47 PM] Polling for slots (attempt 53)...
[3/16/2026, 6:19:48 PM] No slots yet. Retrying in 3s...
[3/16/2026, 6:19:51 PM] Polling for slots (attempt 54)...
[3/16/2026, 6:19:53 PM] No slots yet. Retrying in 3s...
[3/16/2026, 6:19:56 PM] Polling for slots (attempt 55)...
[3/16/2026, 6:19:57 PM] No slots yet. Retrying in 3s...
[3/16/2026, 6:20:00 PM] Polling for slots (attempt 56)...
[3/16/2026, 6:20:00 PM] No slots yet. Retrying in 3s...
[3/16/2026, 6:20:03 PM] Polling for slots (attempt 57)...
[3/16/2026, 6:20:05 PM] No slots yet. Retrying in 3s...
[3/16/2026, 6:20:08 PM] Polling for slots (attempt 58)...
[3/16/2026, 6:20:10 PM] No slots yet. Retrying in 3s...
[3/16/2026, 6:20:13 PM] Polling for slots (attempt 59)...
[3/16/2026, 6:20:16 PM] No slots yet. Retrying in 3s...
[3/16/2026, 6:20:19 PM] Polling for slots (attempt 60)...
[3/16/2026, 6:20:22 PM] No slots yet. Retrying in 3s...
[3/16/2026, 6:20:25 PM] Polling for slots (attempt 61)...
[3/16/2026, 6:20:27 PM] No slots yet. Retrying in 3s...
[3/16/2026, 6:20:30 PM] Polling for slots (attempt 62)...
[3/16/2026, 6:20:32 PM] No slots yet. Retrying in 3s...
[3/16/2026, 6:20:35 PM] Polling for slots (attempt 63)...
[3/16/2026, 6:20:37 PM] No slots yet. Retrying in 3s...
[3/16/2026, 6:20:40 PM] Polling for slots (attempt 64)...
[3/16/2026, 6:20:42 PM] No slots yet. Retrying in 3s...
[3/16/2026, 6:20:45 PM] Polling for slots (attempt 65)...
[3/16/2026, 6:20:46 PM] No slots yet. Retrying in 3s...
[3/16/2026, 6:20:49 PM] Polling for slots (attempt 66)...
[3/16/2026, 6:20:50 PM] No slots yet. Retrying in 3s...
[3/16/2026, 6:20:53 PM] Polling for slots (attempt 67)...
[3/16/2026, 6:20:55 PM] No slots yet. Retrying in 3s...
[3/16/2026, 6:20:58 PM] Polling for slots (attempt 68)...
[3/16/2026, 6:21:00 PM] No slots yet. Retrying in 3s...
[3/16/2026, 6:21:03 PM] Polling for slots (attempt 69)...
[3/16/2026, 6:21:03 PM] No slots yet. Retrying in 3s...
[3/16/2026, 6:21:06 PM] Polling for slots (attempt 70)...
[3/16/2026, 6:21:08 PM] No slots yet. Retrying in 3s...
[3/16/2026, 6:21:11 PM] Polling for slots (attempt 71)...
[3/16/2026, 6:21:13 PM] No slots yet. Retrying in 3s...
[3/16/2026, 6:21:16 PM] Polling for slots (attempt 72)...
[3/16/2026, 6:21:18 PM] No slots yet. Retrying in 3s...
[3/16/2026, 6:21:21 PM] Polling for slots (attempt 73)...
[3/16/2026, 6:21:21 PM] No slots yet. Retrying in 3s...
[3/16/2026, 6:21:25 PM] Polling for slots (attempt 74)...
[3/16/2026, 6:21:25 PM] No slots yet. Retrying in 3s...
[3/16/2026, 6:21:28 PM] Polling for slots (attempt 75)...
[3/16/2026, 6:21:30 PM] No slots yet. Retrying in 3s...
[3/16/2026, 6:21:33 PM] Polling for slots (attempt 76)...
[3/16/2026, 6:21:36 PM] No slots yet. Retrying in 3s...
[3/16/2026, 6:21:39 PM] Polling for slots (attempt 77)...
[3/16/2026, 6:21:41 PM] No slots yet. Retrying in 3s...
[3/16/2026, 6:21:44 PM] Polling for slots (attempt 78)...
[3/16/2026, 6:21:45 PM] No slots yet. Retrying in 3s...
[3/16/2026, 6:21:48 PM] Polling for slots (attempt 79)...
[3/16/2026, 6:21:49 PM] No slots yet. Retrying in 3s...
[3/16/2026, 6:21:52 PM] Polling for slots (attempt 80)...
[3/16/2026, 6:21:52 PM] No slots yet. Retrying in 3s...
[3/16/2026, 6:21:55 PM] Polling for slots (attempt 81)...
[3/16/2026, 6:21:57 PM] No slots yet. Retrying in 3s...
[3/16/2026, 6:22:00 PM] Polling for slots (attempt 82)...
[3/16/2026, 6:22:03 PM] No slots yet. Retrying in 3s...
[3/16/2026, 6:22:06 PM] Polling for slots (attempt 83)...
[3/16/2026, 6:22:08 PM] No slots yet. Retrying in 3s...
[3/16/2026, 6:22:11 PM] Polling for slots (attempt 84)...
[3/16/2026, 6:22:14 PM] No slots yet. Retrying in 3s...
[3/16/2026, 6:22:17 PM] Polling for slots (attempt 85)...
[3/16/2026, 6:22:19 PM] No slots yet. Retrying in 3s...
[3/16/2026, 6:22:22 PM] Polling for slots (attempt 86)...
[3/16/2026, 6:22:24 PM] No slots yet. Retrying in 3s...
[3/16/2026, 6:22:27 PM] Polling for slots (attempt 87)...
[3/16/2026, 6:22:29 PM] No slots yet. Retrying in 3s...
[3/16/2026, 6:22:32 PM] Polling for slots (attempt 88)...
[3/16/2026, 6:22:33 PM] No slots yet. Retrying in 3s...
[3/16/2026, 6:22:36 PM] Polling for slots (attempt 89)...
[3/16/2026, 6:22:38 PM] No slots yet. Retrying in 3s...
[3/16/2026, 6:22:41 PM] Polling for slots (attempt 90)...
[3/16/2026, 6:22:43 PM] No slots yet. Retrying in 3s...
[3/16/2026, 6:22:47 PM] Polling for slots (attempt 91)...
[3/16/2026, 6:22:48 PM] No slots yet. Retrying in 3s...
[3/16/2026, 6:22:51 PM] Polling for slots (attempt 92)...
[3/16/2026, 6:22:53 PM] No slots yet. Retrying in 3s...
[3/16/2026, 6:22:56 PM] Polling for slots (attempt 93)...
[3/16/2026, 6:22:57 PM] No slots yet. Retrying in 3s...
[3/16/2026, 6:23:00 PM] Polling for slots (attempt 94)...
[3/16/2026, 6:23:02 PM] No slots yet. Retrying in 3s...
[3/16/2026, 6:23:05 PM] Polling for slots (attempt 95)...
[3/16/2026, 6:23:07 PM] No slots yet. Retrying in 3s...
[3/16/2026, 6:23:10 PM] Polling for slots (attempt 96)...
[3/16/2026, 6:23:10 PM] No slots yet. Retrying in 3s...
[3/16/2026, 6:23:13 PM] Polling for slots (attempt 97)...
[3/16/2026, 6:23:15 PM] No slots yet. Retrying in 3s...
[3/16/2026, 6:23:18 PM] Polling for slots (attempt 98)...
[3/16/2026, 6:23:19 PM] No slots yet. Retrying in 3s...
[3/16/2026, 6:23:22 PM] Polling for slots (attempt 99)...
[3/16/2026, 6:23:22 PM] No slots yet. Retrying in 3s...
[3/16/2026, 6:23:25 PM] Polling for slots (attempt 100)...
[3/16/2026, 6:23:28 PM] No slots yet. Retrying in 3s...
[3/16/2026, 6:23:31 PM] Polling for slots (attempt 101)...
[3/16/2026, 6:23:33 PM] No slots yet. Retrying in 3s...
[3/16/2026, 6:23:36 PM] Polling for slots (attempt 102)...
[3/16/2026, 6:23:38 PM] No slots yet. Retrying in 3s...
[3/16/2026, 6:23:41 PM] Polling for slots (attempt 103)...
[3/16/2026, 6:23:43 PM] No slots yet. Retrying in 3s...
[3/16/2026, 6:23:46 PM] Polling for slots (attempt 104)...
[3/16/2026, 6:23:48 PM] No slots yet. Retrying in 3s...
[3/16/2026, 6:23:51 PM] Polling for slots (attempt 105)...
[3/16/2026, 6:23:53 PM] No slots yet. Retrying in 3s...
[3/16/2026, 6:23:56 PM] Polling for slots (attempt 106)...
[3/16/2026, 6:23:58 PM] No slots yet. Retrying in 3s...
[3/16/2026, 6:24:01 PM] Polling for slots (attempt 107)...
[3/16/2026, 6:24:04 PM] No slots yet. Retrying in 3s...
[3/16/2026, 6:24:07 PM] Polling for slots (attempt 108)...
[3/16/2026, 6:24:09 PM] No slots yet. Retrying in 3s...
[3/16/2026, 6:24:12 PM] Polling for slots (attempt 109)...
[3/16/2026, 6:24:14 PM] No slots yet. Retrying in 3s...
[3/16/2026, 6:24:17 PM] Polling for slots (attempt 110)...
[3/16/2026, 6:24:20 PM] No slots yet. Retrying in 3s...
[3/16/2026, 6:24:23 PM] Polling for slots (attempt 111)...
[3/16/2026, 6:24:26 PM] No slots yet. Retrying in 3s...
[3/16/2026, 6:24:29 PM] Polling for slots (attempt 112)...
[3/16/2026, 6:24:30 PM] No slots yet. Retrying in 3s...
[3/16/2026, 6:24:33 PM] Polling for slots (attempt 113)...
[3/16/2026, 6:24:34 PM] No slots yet. Retrying in 3s...
[3/16/2026, 6:24:37 PM] Polling for slots (attempt 114)...
[3/16/2026, 6:24:40 PM] No slots yet. Retrying in 3s...
[3/16/2026, 6:24:43 PM] Polling for slots (attempt 115)...
[3/16/2026, 6:24:45 PM] No slots yet. Retrying in 3s...
[3/16/2026, 6:24:48 PM] Polling for slots (attempt 116)...
[3/16/2026, 6:24:50 PM] No slots yet. Retrying in 3s...
[3/16/2026, 6:24:53 PM] Polling for slots (attempt 117)...
[3/16/2026, 6:24:55 PM] No slots yet. Retrying in 3s...
[3/16/2026, 6:24:58 PM] Polling for slots (attempt 118)...
[3/16/2026, 6:24:58 PM] No slots yet. Retrying in 3s...
[3/16/2026, 6:25:01 PM] Polling for slots (attempt 119)...
[3/16/2026, 6:25:01 PM] No slots yet. Retrying in 3s...
[3/16/2026, 6:25:04 PM] Polling for slots (attempt 120)...
[3/16/2026, 6:25:07 PM] No slots yet. Retrying in 3s...
[3/16/2026, 6:25:10 PM] Polling for slots (attempt 121)...
[3/16/2026, 6:25:13 PM] No slots yet. Retrying in 3s...
[3/16/2026, 6:25:16 PM] Polling for slots (attempt 122)...
[3/16/2026, 6:25:18 PM] No slots yet. Retrying in 3s...
[3/16/2026, 6:25:21 PM] Polling for slots (attempt 123)...
[3/16/2026, 6:25:23 PM] No slots yet. Retrying in 3s...
[3/16/2026, 6:25:26 PM] Polling for slots (attempt 124)...
[3/16/2026, 6:25:29 PM] No slots yet. Retrying in 3s...
[3/16/2026, 6:25:32 PM] Polling for slots (attempt 125)...
[3/16/2026, 6:25:33 PM] No slots yet. Retrying in 3s...
[3/16/2026, 6:25:36 PM] Polling for slots (attempt 126)...
[3/16/2026, 6:25:38 PM] No slots yet. Retrying in 3s...
[3/16/2026, 6:25:41 PM] Polling for slots (attempt 127)...
[3/16/2026, 6:25:44 PM] No slots yet. Retrying in 3s...
[3/16/2026, 6:25:47 PM] Polling for slots (attempt 128)...
[3/16/2026, 6:25:48 PM] No slots yet. Retrying in 3s...
[3/16/2026, 6:25:51 PM] Polling for slots (attempt 129)...
[3/16/2026, 6:25:53 PM] No slots yet. Retrying in 3s...
[3/16/2026, 6:25:56 PM] Polling for slots (attempt 130)...
[3/16/2026, 6:25:58 PM] No slots yet. Retrying in 3s...
[3/16/2026, 6:26:01 PM] ERROR — No slots found: Timed out waiting for slots to open
[3/16/2026, 6:26:06 PM] Telegram sent
[3/16/2026, 6:58:25 PM] [DRY] === Dirty French Booking Script START (dry=true) ===
[3/16/2026, 6:58:25 PM] [DRY] Target: Dirty French New York | 2026-05-18 | Party of 3
[3/16/2026, 6:58:25 PM] [DRY] Preferred times: 18:00, 18:30, 19:00
[3/16/2026, 6:58:25 PM] [DRY] Authenticating with Resy...
[3/16/2026, 6:58:25 PM] [DRY] Auth OK — user ID: 5462215, payment method: 24522001
[3/16/2026, 6:58:25 PM] [DRY] Polling for slots (attempt 1)...
[3/16/2026, 6:58:26 PM] [DRY] No slots yet. Retrying in 3s...
[3/16/2026, 6:58:29 PM] [DRY] Polling for slots (attempt 2)...
[3/16/2026, 6:58:30 PM] [DRY] No slots yet. Retrying in 3s...
[3/16/2026, 6:58:33 PM] [DRY] Polling for slots (attempt 3)...
[3/16/2026, 6:58:34 PM] [DRY] No slots yet. Retrying in 3s...
[3/16/2026, 6:58:37 PM] [DRY] Polling for slots (attempt 4)...
[3/16/2026, 6:58:39 PM] [DRY] No slots yet. Retrying in 3s...
[3/16/2026, 6:58:42 PM] [DRY] Polling for slots (attempt 5)...
[3/16/2026, 6:58:44 PM] [DRY] No slots yet. Retrying in 3s...
[3/16/2026, 6:58:47 PM] [DRY] Polling for slots (attempt 6)...
[3/16/2026, 6:58:49 PM] [DRY] No slots yet. Retrying in 3s...
[3/16/2026, 6:58:52 PM] [DRY] Polling for slots (attempt 7)...
[3/16/2026, 6:58:52 PM] [DRY] No slots yet. Retrying in 3s...
